warning: patch `p2panda-stream v0.7.1 (https://github.com/mark-ik/p2panda.git?tag=mere-p2panda-net-0.7.5#1bec457e)` was not used in the crate graph
help: Check that the patched package version and available features are compatible
      with the dependency requirements. If the patch has a different version from
      what is locked in the Cargo.lock file, run `cargo update` to use the new
      version. This may also occur with an optional dependency that is not enabled.
   Compiling digest v0.10.7
   Compiling base64ct v1.8.3
   Compiling pem-rfc7468 v1.0.0
   Compiling der v0.8.1
   Compiling spki v0.8.0
   Compiling pkcs8 v0.11.0
   Compiling curve25519-dalek v5.0.0
   Compiling ed25519 v3.0.0
   Compiling ed25519-dalek v3.0.0
   Compiling inout v0.1.4
   Compiling cipher v0.4.4
   Compiling heapless v0.7.17
   Compiling ctr v0.9.2
   Compiling aes v0.8.4
   Compiling postcard v1.1.3
   Compiling aes-gcm v0.10.3
   Compiling sha2 v0.10.9
   Compiling noq-proto v1.3.0
   Compiling iroh-base v1.3.0
   Compiling der v0.7.10
   Compiling noq v1.3.0
   Compiling ff v0.13.1
   Compiling hmac v0.12.1
   Compiling base16ct v0.2.0
   Compiling sec1 v0.7.3
   Compiling hkdf v0.12.4
   Compiling group v0.13.0
   Compiling iroh-dns v1.3.0
   Compiling windows-sys v0.59.0
   Compiling blake2 v0.10.6
   Compiling elliptic-curve v0.13.8
   Compiling iroh-relay v1.3.0
   Compiling password-hash v0.5.0
   Compiling curve25519-dalek v4.1.3
   Compiling p2panda-core v0.7.1 (https://github.com/mark-ik/p2panda.git?tag=mere-p2panda-net-0.7.5#1bec457e)
   Compiling iroh v1.3.0
   Compiling argon2 v0.5.3
   Compiling insigne v0.0.1 (https://github.com/merely-made/mere.git?rev=f1d169c755e082b5119c2485762fd28f4226d8fb#f1d169c7)
   Compiling lazy_static v1.5.0
   Compiling personae v0.2.1 (https://github.com/merely-made/mere.git?rev=f1d169c755e082b5119c2485762fd28f4226d8fb#f1d169c7)
   Compiling primeorder v0.13.6
   Compiling misfin v0.0.4
   Compiling chacha20 v0.9.1
   Compiling acto v0.8.2
   Compiling irpc v0.17.0
   Compiling errand v0.4.0 (https://github.com/merely-made/mere.git?rev=f1d169c755e082b5119c2485762fd28f4226d8fb#f1d169c7)
   Compiling chacha20poly1305 v0.10.1
   Compiling p2panda-store v0.7.1 (https://github.com/mark-ik/p2panda.git?tag=mere-p2panda-net-0.7.5#1bec457e)
   Compiling swarm-discovery v0.6.3 (https://github.com/mark-ik/swarm-discovery.git?branch=mere#99dd24c5)
   Compiling fraction v0.15.4
   Compiling p256 v0.13.2
   Compiling p384 v0.13.1
   Compiling x25519-dalek v2.0.1
   Compiling k256 v0.13.4
   Compiling sha1 v0.10.7
   Compiling jsonschema v0.18.3
