warning: patch `p2panda-stream v0.7.1 (https://github.com/mark-ik/p2panda.git?tag=mere-p2panda-net-0.7.5#1bec457e)` was not used in the crate graph
help: Check that the patched package version and available features are compatible
      with the dependency requirements. If the patch has a different version from
      what is locked in the Cargo.lock file, run `cargo update` to use the new
      version. This may also occur with an optional dependency that is not enabled.
    Blocking waiting for file lock on package cache
    Blocking waiting for file lock on package cache
    Blocking waiting for file lock on package cache
    Checking sceno v0.0.4 (https://github.com/merely-made/mere.git?rev=f1d169c755e082b5119c2485762fd28f4226d8fb#f1d169c7)
    Checking muniment v0.1.2 (https://github.com/merely-made/mere.git?rev=f1d169c755e082b5119c2485762fd28f4226d8fb#f1d169c7)
    Checking tinct v0.1.2 (https://github.com/merely-made/mere.git?rev=f1d169c755e082b5119c2485762fd28f4226d8fb#f1d169c7)
    Checking workbench v0.1.0 (https://github.com/merely-made/mere.git?rev=f1d169c755e082b5119c2485762fd28f4226d8fb#f1d169c7)
    Checking meristem v0.2.0 (https://github.com/merely-made/mere.git?rev=f1d169c755e082b5119c2485762fd28f4226d8fb#f1d169c7)
    Checking illume v0.0.2 (https://github.com/merely-made/mere.git?rev=f1d169c755e082b5119c2485762fd28f4226d8fb#f1d169c7)
    Checking sprigging v0.2.1 (https://github.com/merely-made/mere.git?rev=f1d169c755e082b5119c2485762fd28f4226d8fb#f1d169c7)
    Checking mere-surface-api v0.1.0 (https://github.com/merely-made/mere.git?rev=f1d169c755e082b5119c2485762fd28f4226d8fb#f1d169c7)
    Checking cambium v0.3.3 (https://github.com/merely-made/mere.git?rev=f1d169c755e082b5119c2485762fd28f4226d8fb#f1d169c7)
    Checking scenograph v0.0.4 (https://github.com/merely-made/mere.git?rev=f1d169c755e082b5119c2485762fd28f4226d8fb#f1d169c7)
    Checking insigne v0.0.1 (https://github.com/merely-made/mere.git?rev=f1d169c755e082b5119c2485762fd28f4226d8fb#f1d169c7)
    Checking personae v0.2.1 (https://github.com/merely-made/mere.git?rev=f1d169c755e082b5119c2485762fd28f4226d8fb#f1d169c7)
    Checking scenomise v0.0.4 (https://github.com/merely-made/mere.git?rev=f1d169c755e082b5119c2485762fd28f4226d8fb#f1d169c7)
    Checking chartulary v0.2.2 (https://github.com/merely-made/mere.git?rev=f1d169c755e082b5119c2485762fd28f4226d8fb#f1d169c7)
    Checking inker v0.1.1 (https://github.com/merely-made/mere.git?rev=f1d169c755e082b5119c2485762fd28f4226d8fb#f1d169c7)
    Checking knot-file-catalog v0.0.1 (C:\Users\mark_\Code\repos\knot-editor\crates\knot-file-catalog)
    Checking errand v0.4.0 (https://github.com/merely-made/mere.git?rev=f1d169c755e082b5119c2485762fd28f4226d8fb#f1d169c7)
    Checking mere-forme v0.1.0 (https://github.com/merely-made/mere.git?rev=f1d169c755e082b5119c2485762fd28f4226d8fb#f1d169c7)
    Checking numen v0.2.0 (https://github.com/merely-made/mere.git?rev=f1d169c755e082b5119c2485762fd28f4226d8fb#f1d169c7)
    Checking mere-kernel v0.0.2 (https://github.com/merely-made/mere.git?rev=f1d169c755e082b5119c2485762fd28f4226d8fb#f1d169c7)
    Checking knot-capture v0.0.1 (C:\Users\mark_\Code\repos\knot-editor\crates\knot-capture)
    Checking reference-data v0.0.1 (https://github.com/merely-made/mere.git?rev=f1d169c755e082b5119c2485762fd28f4226d8fb#f1d169c7)
    Checking nematic v0.1.1 (https://github.com/merely-made/mere.git?rev=f1d169c755e082b5119c2485762fd28f4226d8fb#f1d169c7)
    Checking knot-editor-host v0.1.1 (https://github.com/merely-made/mere.git?rev=f1d169c755e082b5119c2485762fd28f4226d8fb#f1d169c7)
    Checking knot-composition v0.0.1 (C:\Users\mark_\Code\repos\knot-editor\crates\knot-composition)
    Checking notochord v0.1.0 (https://github.com/merely-made/mere.git?rev=f1d169c755e082b5119c2485762fd28f4226d8fb#f1d169c7)
    Checking mere-proofs v0.1.0 (https://github.com/merely-made/mere.git?rev=f1d169c755e082b5119c2485762fd28f4226d8fb#f1d169c7)
    Checking scenotime v0.0.4 (https://github.com/merely-made/mere.git?rev=f1d169c755e082b5119c2485762fd28f4226d8fb#f1d169c7)
    Checking incipit v0.2.0 (https://github.com/merely-made/mere.git?rev=f1d169c755e082b5119c2485762fd28f4226d8fb#f1d169c7)
    Checking mora-cmudict v0.0.1 (https://github.com/merely-made/mere.git?rev=f1d169c755e082b5119c2485762fd28f4226d8fb#f1d169c7)
    Checking chirograph v0.0.2 (https://github.com/merely-made/mere.git?rev=f1d169c755e082b5119c2485762fd28f4226d8fb#f1d169c7)
    Checking stickleback v0.1.1 (https://github.com/merely-made/mere.git?rev=f1d169c755e082b5119c2485762fd28f4226d8fb#f1d169c7)
    Checking knot-document v0.0.1 (C:\Users\mark_\Code\repos\knot-editor\crates\knot-document)
warning: usage of an `unsafe` block
   --> crates\knot-document\src\writer.rs:248:20
    |
248 |       let replaced = unsafe {
    |  ____________________^
249 | |         ReplaceFileW(
250 | |             target_wide.as_ptr(),
251 | |             temporary_wide.as_ptr(),
...   |
257 | |     };
    | |_____^
    |
    = note: requested on the command line with `-W unsafe-code`

warning: `knot-document` (lib) generated 1 warning
    Checking script-rhai v0.0.1 (https://github.com/merely-made/mere.git?rev=f1d169c755e082b5119c2485762fd28f4226d8fb#f1d169c7)
    Checking eidetic v0.0.2 (https://github.com/merely-made/mere.git?rev=f1d169c755e082b5119c2485762fd28f4226d8fb#f1d169c7)
    Checking mere-alembic v0.0.1 (https://github.com/merely-made/mere.git?rev=f1d169c755e082b5119c2485762fd28f4226d8fb#f1d169c7)
    Checking tabard v0.0.1 (https://github.com/merely-made/mere.git?rev=f1d169c755e082b5119c2485762fd28f4226d8fb#f1d169c7)
    Checking pandect v0.1.1 (https://github.com/merely-made/mere.git?rev=f1d169c755e082b5119c2485762fd28f4226d8fb#f1d169c7)
    Checking mere-transport v0.0.2 (https://github.com/merely-made/mere.git?rev=f1d169c755e082b5119c2485762fd28f4226d8fb#f1d169c7)
    Checking graphshell-endpoint v0.0.2 (https://github.com/merely-made/mere.git?rev=f1d169c755e082b5119c2485762fd28f4226d8fb#f1d169c7)
    Checking servitor v0.0.2 (https://github.com/merely-made/mere.git?rev=f1d169c755e082b5119c2485762fd28f4226d8fb#f1d169c7)
    Checking armillary v0.1.1 (https://github.com/merely-made/mere.git?rev=f1d169c755e082b5119c2485762fd28f4226d8fb#f1d169c7)
    Checking mere-fetch v0.0.1 (https://github.com/merely-made/mere.git?rev=f1d169c755e082b5119c2485762fd28f4226d8fb#f1d169c7)
    Checking esp v0.1.0 (https://github.com/merely-made/mere.git?rev=f1d169c755e082b5119c2485762fd28f4226d8fb#f1d169c7)
    Checking knot-editor v0.0.3 (C:\Users\mark_\Code\repos\knot-editor\crates\knot-editor)
    Checking luggage v0.1.0 (https://github.com/merely-made/mere.git?rev=f1d169c755e082b5119c2485762fd28f4226d8fb#f1d169c7)
    Checking chatelaine v0.0.2 (https://github.com/merely-made/mere.git?rev=f1d169c755e082b5119c2485762fd28f4226d8fb#f1d169c7)
    Checking castellan v0.0.3 (https://github.com/merely-made/mere.git?rev=f1d169c755e082b5119c2485762fd28f4226d8fb#f1d169c7)
    Checking mere-webrtc-carrier v0.0.1 (https://github.com/merely-made/mere.git?rev=f1d169c755e082b5119c2485762fd28f4226d8fb#f1d169c7)
    Checking mien v0.0.1 (https://github.com/merely-made/mere.git?rev=f1d169c755e082b5119c2485762fd28f4226d8fb#f1d169c7)
    Checking graphshell-client v0.0.2 (https://github.com/merely-made/mere.git?rev=f1d169c755e082b5119c2485762fd28f4226d8fb#f1d169c7)
    Checking mooting v0.1.0 (https://github.com/merely-made/mere.git?rev=f1d169c755e082b5119c2485762fd28f4226d8fb#f1d169c7)
    Checking gemot v0.1.1 (https://github.com/merely-made/mere.git?rev=f1d169c755e082b5119c2485762fd28f4226d8fb#f1d169c7)
    Checking graphshell v0.0.2 (https://github.com/merely-made/mere.git?rev=f1d169c755e082b5119c2485762fd28f4226d8fb#f1d169c7)
    Checking cambium-winit v0.3.0 (https://github.com/merely-made/mere.git?rev=f1d169c755e082b5119c2485762fd28f4226d8fb#f1d169c7)
    Checking cambium-rootstock v0.1.0 (https://github.com/merely-made/mere.git?rev=f1d169c755e082b5119c2485762fd28f4226d8fb#f1d169c7)
    Checking knot-readings v0.0.1 (C:\Users\mark_\Code\repos\knot-editor\crates\knot-readings)
    Checking cambium-winit-a11y v0.3.0 (https://github.com/merely-made/mere.git?rev=f1d169c755e082b5119c2485762fd28f4226d8fb#f1d169c7)
    Checking mere-cartography v0.0.2 (https://github.com/merely-made/mere.git?rev=f1d169c755e082b5119c2485762fd28f4226d8fb#f1d169c7)
    Checking mere-apparatus v0.0.1 (https://github.com/merely-made/mere.git?rev=f1d169c755e082b5119c2485762fd28f4226d8fb#f1d169c7)
    Checking mesquite v0.1.0 (https://github.com/merely-made/mere.git?rev=f1d169c755e082b5119c2485762fd28f4226d8fb#f1d169c7)
    Checking mere-view v0.1.0 (https://github.com/merely-made/mere.git?rev=f1d169c755e082b5119c2485762fd28f4226d8fb#f1d169c7)
    Checking cambium-genet-winit-host v0.1.0 (https://github.com/merely-made/mere.git?rev=f1d169c755e082b5119c2485762fd28f4226d8fb#f1d169c7)
    Checking knot-desktop v0.0.1 (C:\Users\mark_\Code\repos\knot-editor\apps\desktop)
warning: unused variable: `store`
    --> apps\desktop\src\recovery.rs:1199:13
     |
1199 |         let store = store(&temp);
     |             ^^^^^ help: if this is intentional, prefix it with an underscore: `_store`
     |
     = note: `#[warn(unused_variables)]` (part of `#[warn(unused)]`) on by default

warning: `knot-desktop` (lib test) generated 1 warning (run `cargo fix --lib -p knot-desktop --tests` to apply 1 suggestion)
    Finished `dev` profile [unoptimized + debuginfo] target(s) in 2m 24s
