Updating 8610058..0096591
Fast-forward
 .gitattributes                                     |    10 +
 .github/workflows/ci.yml                           |    36 +
 Cargo.lock                                         |  2205 ++-
 Cargo.toml                                         |   154 +-
 LICENSES.md                                        |    11 +
 README.md                                          |    51 +-
 apps/desktop/Cargo.toml                            |    26 +-
 apps/desktop/assets/fonts/.gitattributes           |     2 +
 apps/desktop/assets/fonts/README.md                |    25 +
 .../fonts/ibm-plex-mono/IBMPlexMono-Bold.ttf       |   Bin 0 -> 137784 bytes
 .../fonts/ibm-plex-mono/IBMPlexMono-BoldItalic.ttf |   Bin 0 -> 144512 bytes
 .../fonts/ibm-plex-mono/IBMPlexMono-Italic.ttf     |   Bin 0 -> 143920 bytes
 .../fonts/ibm-plex-mono/IBMPlexMono-Regular.ttf    |   Bin 0 -> 135580 bytes
 apps/desktop/assets/fonts/ibm-plex-mono/OFL.txt    |    93 +
 apps/desktop/assets/fonts/source-serif-4/OFL.txt   |    93 +
 .../fonts/source-serif-4/SourceSerif4-Italic.ttf   |   Bin 0 -> 855432 bytes
 .../assets/fonts/source-serif-4/SourceSerif4.ttf   |   Bin 0 -> 1209508 bytes
 apps/desktop/examples/collection_acceptance.rs     |    97 +
 apps/desktop/src/appearance.rs                     |   215 +-
 apps/desktop/src/changes.rs                        |   239 +
 apps/desktop/src/collapse.rs                       |   583 +
 apps/desktop/src/composition.rs                    |  2711 ++++
 apps/desktop/src/composition/recipe.rs             |  1374 ++
 apps/desktop/src/document_folding.rs               |   351 +-
 apps/desktop/src/document_links.rs                 |   370 +
 apps/desktop/src/document_preview.rs               |   204 +-
 apps/desktop/src/documents.rs                      |   987 ++
 apps/desktop/src/fonts.rs                          |    27 +
 apps/desktop/src/graph.rs                          |  1076 ++
 apps/desktop/src/graph/diagnostics.rs              |   271 +
 apps/desktop/src/lib.rs                            |    91 +-
 apps/desktop/src/link_workflow.rs                  |   780 +
 apps/desktop/src/main.rs                           |   291 +-
 apps/desktop/src/navigator.rs                      |   262 +
 apps/desktop/src/preferences.rs                    |   173 +-
 apps/desktop/src/readings.rs                       |    85 +-
 apps/desktop/src/recovery.rs                       |  1470 ++
 apps/desktop/src/recovery_runtime.rs               |   383 +
 apps/desktop/src/scenario.rs                       |   316 +
 apps/desktop/src/scroll_site.rs                    |  4120 ++++--
 apps/desktop/src/status.rs                         |   367 +
 apps/desktop/src/workspace.rs                      |  8472 +++++++++--
 apps/desktop/src/workspace_commands.rs             |   602 +
 apps/desktop/tests/collapse.rs                     |   254 +
 apps/desktop/tests/command_chrome.rs               |   284 +
 apps/desktop/tests/composition_mere.rs             |   349 +
 apps/desktop/tests/document_links_ui.rs            |   260 +
 .../tests/fixtures/woodshed_relationships.json     |   116 +
 apps/desktop/tests/preferences.rs                  |    24 +-
 apps/desktop/tests/readings_panel.rs               |    14 +-
 apps/desktop/tests/resident_retention.rs           |    43 +-
 apps/desktop/tests/scenario_lane.rs                |   343 +
 apps/desktop/tests/typography_fonts.rs             |   338 +
 crates/knot-composition/Cargo.toml                 |    24 +
 crates/knot-composition/README.md                  |    84 +
 crates/knot-composition/assets/oewn-notices.txt    |    68 +
 .../src/bin/knot-wordnet-import.rs                 |    91 +
 crates/knot-composition/src/lib.rs                 |   555 +
 crates/knot-composition/src/retention.rs           |   193 +
 crates/knot-composition/src/wordnet_import.rs      |   946 ++
 crates/knot-composition/tests/collections.rs       |   385 +
 crates/knot-composition/tests/fixtures/wordnet.xml |    28 +
 crates/knot-composition/tests/recipes.rs           |   106 +
 crates/knot-composition/tests/support/recipe.rs    |   108 +
 crates/knot-composition/tests/wordnet_import.rs    |   386 +
 crates/knot-document/Cargo.toml                    |    24 +-
 crates/knot-document/src/document_surface.rs       |   122 +-
 crates/knot-document/src/document_view.rs          |   125 +-
 crates/knot-document/src/editor.rs                 |    11 +-
 crates/knot-document/src/hard_wrap.rs              |   356 +
 crates/knot-document/src/lib.rs                    |     8 +-
 crates/knot-editor/Cargo.toml                      |    11 +-
 crates/knot-editor/README.md                       |     6 +-
 crates/knot-editor/examples/k2_peer.rs             |     5 +-
 crates/knot-editor/examples/knot_publish_peer.rs   |     7 +-
 crates/knot-editor/src/bin/knot_endpoint.rs        |     2 +-
 crates/knot-editor/src/capture_retention.rs        |     2 +-
 crates/knot-editor/src/composition_retention.rs    |   236 +
 crates/knot-editor/src/endpoint.rs                 |     3 +
 crates/knot-editor/src/lib.rs                      |     1 +
 crates/knot-editor/src/publish.rs                  |    16 +-
 crates/knot-editor/src/publish_carrier.rs          |     2 +-
 crates/knot-editor/src/publish_host.rs             |    28 +-
 crates/knot-editor/src/resident.rs                 |     4 +-
 crates/knot-editor/src/startup.rs                  |    85 +
 crates/knot-editor/src/sync.rs                     |   358 +-
 crates/knot-editor/tests/composition_retention.rs  |   457 +
 crates/knot-editor/tests/place_projection.rs       |     7 +-
 crates/knot-editor/tests/resident_app_route.rs     |    27 +-
 crates/knot-editor/tests/revision_bell.rs          |     2 +-
 crates/knot-editor/tests/rosette_projection.rs     |     2 +-
 crates/knot-file-catalog/src/lib.rs                |   154 +-
 crates/knot-readings/Cargo.toml                    |     2 +
 crates/knot-readings/src/backend.rs                |   140 +
 crates/knot-readings/src/lib.rs                    |     2 +
 crates/knot-readings/src/links.rs                  |   286 +-
 crates/knot-readings/src/sound.rs                  |   456 +
 crates/knot-site/Cargo.toml                        |    13 +-
 crates/knot-site/examples/export_nomadnet.rs       |    51 +
 crates/knot-site/src/export.rs                     |   137 +
 crates/knot-site/src/lib.rs                        |     7 +
 crates/knot-site/src/local.rs                      |    33 +-
 crates/knot-site/src/micron_submission.rs          |     3 +
 crates/knot-site/src/micron_submission_stub.rs     |    62 +
 crates/knot-site/tests/export.rs                   |   133 +
 crates/knot-site/tests/native.rs                   |    22 +-
 design_docs/2026-07-25_knot_port_plan.md           |     8 +
 .../2026-07-27_knot_authoring_consumer_plan.md     |     7 +
 design_docs/2026-08-02_knot_in_graphshell_plan.md  |     6 +
 .../2026-08-07_knot_publishing_protocol_plan.md    |     7 +
 ...09-01_knot_editor_repository_extraction_plan.md |    36 +
 .../2026-09-05_knot_application_workspace_plan.md  |    47 +
 design_docs/2026-09-13_knot_design_pass_brief.md   |     3 +-
 design_docs/2026-09-23_knot_design_pass.md         |   494 +
 .../2026-09-23_knot_workspace_slice1_plan.md       |  1608 ++
 design_docs/2026-09-29_knot_collapse_slice.md      |   316 +
 design_docs/2026-09-29_knot_commands_slice.md      |   210 +
 .../2026-09-29_knot_document_links_slice.md        |   113 +
 design_docs/2026-09-29_knot_local_recovery_plan.md |   173 +
 .../2026-09-29_knot_shared_presentation_review.md  |   122 +
 design_docs/2026-09-29_knot_typography_slice.md    |   115 +
 .../2026-09-29_knot_workspace_native_review.md     |   111 +
 .../2026-09-29_nomadnet_backend_independence.md    |   115 +
 design_docs/2026-09-29_reticulum_go_backend.md     |    59 +
 .../2026-09-30_composition_mere_retention.md       |   527 +
 .../2026-09-30_knot_composition_readings.md        |   191 +
 design_docs/README.md                              |    16 +-
 .../2026-10-07_current_family_repin/README.md      |    26 +
 .../artifact-hashes.json                           |   235 +
 .../candidate.gitattributes                        |    15 +
 .../desktop-Cargo.toml                             |    63 +
 .../family-witness.json                            |   108 +
 .../final-inputs.json                              |   723 +
 .../gate-summary.json                              |    80 +
 .../manifest-changes.json                          |    34 +
 .../manifest-row-map.json                          |   404 +
 .../metadata-family-result.json                    |     9 +
 .../metadata-family.json                           |     1 +
 .../metadata-family.stderr.log                     |    95 +
 .../metadata-resolve-result.json                   |     9 +
 .../metadata-resolve.json                          |     1 +
 .../metadata-resolve.stderr.log                    |     0
 .../oewn-notices.txt                               |    68 +
 .../qualified-inputs.json                          |   197 +
 .../qualified-source-inputs.zip                    |   Bin 0 -> 754407 bytes
 .../registry-delta.json                            |    24 +
 .../root-Cargo.lock                                | 14789 +++++++++++++++++++
 .../root-Cargo.toml                                |   171 +
 .../standalone-Cargo.lock                          |  2046 +++
 .../standalone-Cargo.toml                          |    60 +
 .../standalone-default-tests-result.json           |     9 +
 .../standalone-default-tests.stderr.log            |    87 +
 .../standalone-default-tests.stdout.log            |    58 +
 .../standalone-engine-tests-result.json            |     9 +
 .../standalone-engine-tests.stderr.log             |   121 +
 .../standalone-engine-tests.stdout.log             |    71 +
 .../standalone-metadata-family-result.json         |     9 +
 .../standalone-metadata-family.json                |     1 +
 .../standalone-metadata-family.stderr.log          |    30 +
 .../unchanged-rust-inputs.json                     |   646 +
 .../verification.json                              |    13 +
 .../windows-line-ending-control.json               |    19 +
 .../wordnet-lf-tests-result.json                   |     9 +
 .../wordnet-lf-tests.stderr.log                    |    32 +
 .../wordnet-lf-tests.stdout.log                    |    18 +
 .../workspace-check-result.json                    |     9 +
 .../workspace-check.stderr.log                     |   823 ++
 .../workspace-check.stdout.log                     |     0
 .../workspace-lf-tests-result.json                 |     9 +
 .../workspace-lf-tests.stderr.log                  |    75 +
 .../workspace-lf-tests.stdout.log                  |   795 +
 .../workspace-tests-result.json                    |     9 +
 .../workspace-tests.stderr.log                     |   795 +
 .../workspace-tests.stdout.log                     |   111 +
 rust-toolchain.toml                                |     2 +-
 scenarios/README.md                                |    83 +
 scenarios/capture_pairing.scn                      |    16 +
 scenarios/collection_organization.scn              |    38 +
 scenarios/collection_organization_compact.scn      |    39 +
 .../collection_organization_compact_reopen.scn     |    23 +
 scenarios/collection_organization_reopen.scn       |    21 +
 scenarios/composition.scn                          |    34 +
 scenarios/fixtures/composition/selection.djot      |     5 +
 scenarios/fixtures/field_notes.djot                |    20 +
 scenarios/fixtures/readings/references.rhai        |     8 +
 scenarios/fixtures/site-one/about.scroll           |     5 +
 scenarios/fixtures/site-one/index.scroll           |     5 +
 scenarios/fixtures/site-one/site.json              |     8 +
 scenarios/fixtures/site-two/index.scroll           |     5 +
 scenarios/fixtures/site-two/notes.scroll           |     5 +
 scenarios/fixtures/site-two/site.json              |     8 +
 scenarios/focused_writing.scn                      |    13 +
 scenarios/lane_smoke.scn                           |    21 +
 scenarios/last_tab_graph.scn                       |    10 +
 scenarios/relationship_recipe.scn                  |    46 +
 scenarios/relationship_recipe_compact.scn          |    49 +
 scenarios/research_with_references.scn             |    18 +
 scenarios/source_beside_preview.scn                |    13 +
 scenarios/two_sites.scn                            |    24 +
 tools/knot-nomadnet-go/.gitignore                  |     3 +
 tools/knot-nomadnet-go/README.md                   |   105 +
 tools/knot-nomadnet-go/go.mod                      |     3 +
 tools/knot-nomadnet-go/lifecycle_test.go           |   115 +
 tools/knot-nomadnet-go/loopback_smoke.py           |   191 +
 tools/knot-nomadnet-go/main.go                     |   443 +
 tools/knot-nomadnet-go/main_test.go                |   136 +
 tools/knot-nomadnet-go/nomadnet_browser_smoke.py   |   219 +
 tools/knot-nomadnet-go/nomadnet_node_smoke.py      |   214 +
 tools/knot-nomadnet-go/testdata/README.md          |     3 +
 .../testdata/three-pages/pages/about.mu            |     2 +
 .../testdata/three-pages/pages/index.mu            |     4 +
 .../testdata/three-pages/pages/notes.mu            |     2 +
 .../testdata/three-pages/snapshot.json             |     1 +
 213 files changed, 62110 insertions(+), 4080 deletions(-)
 create mode 100644 apps/desktop/assets/fonts/.gitattributes
 create mode 100644 apps/desktop/assets/fonts/README.md
 create mode 100644 apps/desktop/assets/fonts/ibm-plex-mono/IBMPlexMono-Bold.ttf
 create mode 100644 apps/desktop/assets/fonts/ibm-plex-mono/IBMPlexMono-BoldItalic.ttf
 create mode 100644 apps/desktop/assets/fonts/ibm-plex-mono/IBMPlexMono-Italic.ttf
 create mode 100644 apps/desktop/assets/fonts/ibm-plex-mono/IBMPlexMono-Regular.ttf
 create mode 100644 apps/desktop/assets/fonts/ibm-plex-mono/OFL.txt
 create mode 100644 apps/desktop/assets/fonts/source-serif-4/OFL.txt
 create mode 100644 apps/desktop/assets/fonts/source-serif-4/SourceSerif4-Italic.ttf
 create mode 100644 apps/desktop/assets/fonts/source-serif-4/SourceSerif4.ttf
 create mode 100644 apps/desktop/examples/collection_acceptance.rs
 create mode 100644 apps/desktop/src/changes.rs
 create mode 100644 apps/desktop/src/collapse.rs
 create mode 100644 apps/desktop/src/composition.rs
 create mode 100644 apps/desktop/src/composition/recipe.rs
 create mode 100644 apps/desktop/src/document_links.rs
 create mode 100644 apps/desktop/src/documents.rs
 create mode 100644 apps/desktop/src/fonts.rs
 create mode 100644 apps/desktop/src/graph.rs
 create mode 100644 apps/desktop/src/graph/diagnostics.rs
 create mode 100644 apps/desktop/src/link_workflow.rs
 create mode 100644 apps/desktop/src/navigator.rs
 create mode 100644 apps/desktop/src/recovery.rs
 create mode 100644 apps/desktop/src/recovery_runtime.rs
 create mode 100644 apps/desktop/src/scenario.rs
 create mode 100644 apps/desktop/src/status.rs
 create mode 100644 apps/desktop/src/workspace_commands.rs
 create mode 100644 apps/desktop/tests/collapse.rs
 create mode 100644 apps/desktop/tests/command_chrome.rs
 create mode 100644 apps/desktop/tests/composition_mere.rs
 create mode 100644 apps/desktop/tests/document_links_ui.rs
 create mode 100644 apps/desktop/tests/fixtures/woodshed_relationships.json
 create mode 100644 apps/desktop/tests/scenario_lane.rs
 create mode 100644 apps/desktop/tests/typography_fonts.rs
 create mode 100644 crates/knot-composition/Cargo.toml
 create mode 100644 crates/knot-composition/README.md
 create mode 100644 crates/knot-composition/assets/oewn-notices.txt
 create mode 100644 crates/knot-composition/src/bin/knot-wordnet-import.rs
 create mode 100644 crates/knot-composition/src/lib.rs
 create mode 100644 crates/knot-composition/src/retention.rs
 create mode 100644 crates/knot-composition/src/wordnet_import.rs
 create mode 100644 crates/knot-composition/tests/collections.rs
 create mode 100644 crates/knot-composition/tests/fixtures/wordnet.xml
 create mode 100644 crates/knot-composition/tests/recipes.rs
 create mode 100644 crates/knot-composition/tests/support/recipe.rs
 create mode 100644 crates/knot-composition/tests/wordnet_import.rs
 create mode 100644 crates/knot-document/src/hard_wrap.rs
 create mode 100644 crates/knot-editor/src/composition_retention.rs
 create mode 100644 crates/knot-editor/tests/composition_retention.rs
 create mode 100644 crates/knot-readings/src/backend.rs
 create mode 100644 crates/knot-readings/src/sound.rs
 create mode 100644 crates/knot-site/examples/export_nomadnet.rs
 create mode 100644 crates/knot-site/src/export.rs
 create mode 100644 crates/knot-site/src/micron_submission_stub.rs
 create mode 100644 crates/knot-site/tests/export.rs
 create mode 100644 design_docs/2026-09-23_knot_design_pass.md
 create mode 100644 design_docs/2026-09-23_knot_workspace_slice1_plan.md
 create mode 100644 design_docs/2026-09-29_knot_collapse_slice.md
 create mode 100644 design_docs/2026-09-29_knot_commands_slice.md
 create mode 100644 design_docs/2026-09-29_knot_document_links_slice.md
 create mode 100644 design_docs/2026-09-29_knot_local_recovery_plan.md
 create mode 100644 design_docs/2026-09-29_knot_shared_presentation_review.md
 create mode 100644 design_docs/2026-09-29_knot_typography_slice.md
 create mode 100644 design_docs/2026-09-29_knot_workspace_native_review.md
 create mode 100644 design_docs/2026-09-29_nomadnet_backend_independence.md
 create mode 100644 design_docs/2026-09-29_reticulum_go_backend.md
 create mode 100644 design_docs/2026-09-30_composition_mere_retention.md
 create mode 100644 design_docs/2026-09-30_knot_composition_readings.md
 create mode 100644 docs/receipts/2026-10-07_current_family_repin/README.md
 create mode 100644 docs/receipts/2026-10-07_current_family_repin/artifact-hashes.json
 create mode 100644 docs/receipts/2026-10-07_current_family_repin/candidate.gitattributes
 create mode 100644 docs/receipts/2026-10-07_current_family_repin/desktop-Cargo.toml
 create mode 100644 docs/receipts/2026-10-07_current_family_repin/family-witness.json
 create mode 100644 docs/receipts/2026-10-07_current_family_repin/final-inputs.json
 create mode 100644 docs/receipts/2026-10-07_current_family_repin/gate-summary.json
 create mode 100644 docs/receipts/2026-10-07_current_family_repin/manifest-changes.json
 create mode 100644 docs/receipts/2026-10-07_current_family_repin/manifest-row-map.json
 create mode 100644 docs/receipts/2026-10-07_current_family_repin/metadata-family-result.json
 create mode 100644 docs/receipts/2026-10-07_current_family_repin/metadata-family.json
 create mode 100644 docs/receipts/2026-10-07_current_family_repin/metadata-family.stderr.log
 create mode 100644 docs/receipts/2026-10-07_current_family_repin/metadata-resolve-result.json
 create mode 100644 docs/receipts/2026-10-07_current_family_repin/metadata-resolve.json
 create mode 100644 docs/receipts/2026-10-07_current_family_repin/metadata-resolve.stderr.log
 create mode 100644 docs/receipts/2026-10-07_current_family_repin/oewn-notices.txt
 create mode 100644 docs/receipts/2026-10-07_current_family_repin/qualified-inputs.json
 create mode 100644 docs/receipts/2026-10-07_current_family_repin/qualified-source-inputs.zip
 create mode 100644 docs/receipts/2026-10-07_current_family_repin/registry-delta.json
 create mode 100644 docs/receipts/2026-10-07_current_family_repin/root-Cargo.lock
 create mode 100644 docs/receipts/2026-10-07_current_family_repin/root-Cargo.toml
 create mode 100644 docs/receipts/2026-10-07_current_family_repin/standalone-Cargo.lock
 create mode 100644 docs/receipts/2026-10-07_current_family_repin/standalone-Cargo.toml
 create mode 100644 docs/receipts/2026-10-07_current_family_repin/standalone-default-tests-result.json
 create mode 100644 docs/receipts/2026-10-07_current_family_repin/standalone-default-tests.stderr.log
 create mode 100644 docs/receipts/2026-10-07_current_family_repin/standalone-default-tests.stdout.log
 create mode 100644 docs/receipts/2026-10-07_current_family_repin/standalone-engine-tests-result.json
 create mode 100644 docs/receipts/2026-10-07_current_family_repin/standalone-engine-tests.stderr.log
 create mode 100644 docs/receipts/2026-10-07_current_family_repin/standalone-engine-tests.stdout.log
 create mode 100644 docs/receipts/2026-10-07_current_family_repin/standalone-metadata-family-result.json
 create mode 100644 docs/receipts/2026-10-07_current_family_repin/standalone-metadata-family.json
 create mode 100644 docs/receipts/2026-10-07_current_family_repin/standalone-metadata-family.stderr.log
 create mode 100644 docs/receipts/2026-10-07_current_family_repin/unchanged-rust-inputs.json
 create mode 100644 docs/receipts/2026-10-07_current_family_repin/verification.json
 create mode 100644 docs/receipts/2026-10-07_current_family_repin/windows-line-ending-control.json
 create mode 100644 docs/receipts/2026-10-07_current_family_repin/wordnet-lf-tests-result.json
 create mode 100644 docs/receipts/2026-10-07_current_family_repin/wordnet-lf-tests.stderr.log
 create mode 100644 docs/receipts/2026-10-07_current_family_repin/wordnet-lf-tests.stdout.log
 create mode 100644 docs/receipts/2026-10-07_current_family_repin/workspace-check-result.json
 create mode 100644 docs/receipts/2026-10-07_current_family_repin/workspace-check.stderr.log
 create mode 100644 docs/receipts/2026-10-07_current_family_repin/workspace-check.stdout.log
 create mode 100644 docs/receipts/2026-10-07_current_family_repin/workspace-lf-tests-result.json
 create mode 100644 docs/receipts/2026-10-07_current_family_repin/workspace-lf-tests.stderr.log
 create mode 100644 docs/receipts/2026-10-07_current_family_repin/workspace-lf-tests.stdout.log
 create mode 100644 docs/receipts/2026-10-07_current_family_repin/workspace-tests-result.json
 create mode 100644 docs/receipts/2026-10-07_current_family_repin/workspace-tests.stderr.log
 create mode 100644 docs/receipts/2026-10-07_current_family_repin/workspace-tests.stdout.log
 create mode 100644 scenarios/README.md
 create mode 100644 scenarios/capture_pairing.scn
 create mode 100644 scenarios/collection_organization.scn
 create mode 100644 scenarios/collection_organization_compact.scn
 create mode 100644 scenarios/collection_organization_compact_reopen.scn
 create mode 100644 scenarios/collection_organization_reopen.scn
 create mode 100644 scenarios/composition.scn
 create mode 100644 scenarios/fixtures/composition/selection.djot
 create mode 100644 scenarios/fixtures/field_notes.djot
 create mode 100644 scenarios/fixtures/readings/references.rhai
 create mode 100644 scenarios/fixtures/site-one/about.scroll
 create mode 100644 scenarios/fixtures/site-one/index.scroll
 create mode 100644 scenarios/fixtures/site-one/site.json
 create mode 100644 scenarios/fixtures/site-two/index.scroll
 create mode 100644 scenarios/fixtures/site-two/notes.scroll
 create mode 100644 scenarios/fixtures/site-two/site.json
 create mode 100644 scenarios/focused_writing.scn
 create mode 100644 scenarios/lane_smoke.scn
 create mode 100644 scenarios/last_tab_graph.scn
 create mode 100644 scenarios/relationship_recipe.scn
 create mode 100644 scenarios/relationship_recipe_compact.scn
 create mode 100644 scenarios/research_with_references.scn
 create mode 100644 scenarios/source_beside_preview.scn
 create mode 100644 scenarios/two_sites.scn
 create mode 100644 tools/knot-nomadnet-go/.gitignore
 create mode 100644 tools/knot-nomadnet-go/README.md
 create mode 100644 tools/knot-nomadnet-go/go.mod
 create mode 100644 tools/knot-nomadnet-go/lifecycle_test.go
 create mode 100644 tools/knot-nomadnet-go/loopback_smoke.py
 create mode 100644 tools/knot-nomadnet-go/main.go
 create mode 100644 tools/knot-nomadnet-go/main_test.go
 create mode 100644 tools/knot-nomadnet-go/nomadnet_browser_smoke.py
 create mode 100644 tools/knot-nomadnet-go/nomadnet_node_smoke.py
 create mode 100644 tools/knot-nomadnet-go/testdata/README.md
 create mode 100644 tools/knot-nomadnet-go/testdata/three-pages/pages/about.mu
 create mode 100644 tools/knot-nomadnet-go/testdata/three-pages/pages/index.mu
 create mode 100644 tools/knot-nomadnet-go/testdata/three-pages/pages/notes.mu
 create mode 100644 tools/knot-nomadnet-go/testdata/three-pages/snapshot.json
