    Updating git repository `https://github.com/merely-made/genet.git`
    Updating git repository `https://github.com/merely-made/mere.git`
    Updating crates.io index
warning: patch `ipc-channel v0.22.0 (https://github.com/merely-made/genet.git?rev=965b64e206a47d1c8808472de9aa461233638768#965b64e2)` was not used in the crate graph
warning: patch `genet-taffy v0.14.0 (https://github.com/merely-made/genet.git?rev=965b64e206a47d1c8808472de9aa461233638768#965b64e2)` was not used in the crate graph
help: Check that the patched package version and available features are compatible
      with the dependency requirements. If the patch has a different version from
      what is locked in the Cargo.lock file, run `cargo update` to use the new
      version. This may also occur with an optional dependency that is not enabled.
     Locking 20 packages to latest compatible versions
      Adding cambium v0.3.3 (https://github.com/merely-made/mere.git?rev=57b4893db6909d5ed9c4ccae30216f0d8164201a#57b4893d)
      Adding document-session-api v0.1.0 (https://github.com/merely-made/genet.git?rev=965b64e206a47d1c8808472de9aa461233638768#965b64e2)
      Adding engine-observables-api v0.2.0 (https://github.com/merely-made/genet.git?rev=965b64e206a47d1c8808472de9aa461233638768#965b64e2)
      Adding errand v0.4.0 (https://github.com/merely-made/mere.git?rev=57b4893db6909d5ed9c4ccae30216f0d8164201a#57b4893d)
      Adding genet-paint-types v0.2.0 (https://github.com/merely-made/genet.git?rev=965b64e206a47d1c8808472de9aa461233638768#965b64e2)
      Adding genet-scripted-dom v0.1.2 (https://github.com/merely-made/genet.git?rev=965b64e206a47d1c8808472de9aa461233638768#965b64e2)
      Adding genet-static-dom v0.1.1 (https://github.com/merely-made/genet.git?rev=965b64e206a47d1c8808472de9aa461233638768#965b64e2)
      Adding genet-text v0.1.0 (https://github.com/merely-made/genet.git?rev=965b64e206a47d1c8808472de9aa461233638768#965b64e2)
    Updating gopher-protocol v0.1.1 -> v0.2.0
      Adding illume v0.0.2 (https://github.com/merely-made/mere.git?rev=57b4893db6909d5ed9c4ccae30216f0d8164201a#57b4893d)
      Adding inker v0.1.1 (https://github.com/merely-made/mere.git?rev=57b4893db6909d5ed9c4ccae30216f0d8164201a#57b4893d)
      Adding knot-editor-host v0.1.1 (https://github.com/merely-made/mere.git?rev=57b4893db6909d5ed9c4ccae30216f0d8164201a#57b4893d)
      Adding layout-dom-api v0.1.1 (https://github.com/merely-made/genet.git?rev=965b64e206a47d1c8808472de9aa461233638768#965b64e2)
      Adding mere-surface-api v0.1.0 (https://github.com/merely-made/mere.git?rev=57b4893db6909d5ed9c4ccae30216f0d8164201a#57b4893d)
      Adding meristem v0.2.0 (https://github.com/merely-made/mere.git?rev=57b4893db6909d5ed9c4ccae30216f0d8164201a#57b4893d)
      Adding nematic v0.1.1 (https://github.com/merely-made/mere.git?rev=57b4893db6909d5ed9c4ccae30216f0d8164201a#57b4893d)
      Adding sceno v0.0.4 (https://github.com/merely-made/mere.git?rev=57b4893db6909d5ed9c4ccae30216f0d8164201a#57b4893d)
      Adding sprigging v0.2.1 (https://github.com/merely-made/mere.git?rev=57b4893db6909d5ed9c4ccae30216f0d8164201a#57b4893d)
      Adding tinct v0.1.2 (https://github.com/merely-made/mere.git?rev=57b4893db6909d5ed9c4ccae30216f0d8164201a#57b4893d)
      Adding workbench v0.1.0 (https://github.com/merely-made/mere.git?rev=57b4893db6909d5ed9c4ccae30216f0d8164201a#57b4893d)
